// Vitest Snapshot v1, https://vitest.dev/guide/snapshot.html

exports[`check_cloc 1`] = `
[
  {
    "language": "CSS",
    "linesOfCode": "3",
  },
  {
    "language": "JavaScript",
    "linesOfCode": "7",
  },
]
`;
