---
source: crates/check_danger_jsx_props/tests/lib_test.rs
expression: response.to_string()
---
{
  "file_path": "b.tsx",
  "items": [],
  "errors": []
}
