---
source: crates/check_danger_jsx_props/tests/lib_test.rs
expression: "responses[0].to_string()"
snapshot_kind: text
---
{
  "file_path": "index.js",
  "items": [],
  "errors": []
}
